// Jest Snapshot v1, https://goo.gl/fbAQLP

exports[`renders app matches snapshot 1`] = `
<div>
  <div
    class="app"
  >
    <div
      class="book-demo"
    >
      <button
        class="next-btn"
      >
        View Next Cover
      </button>
      <div
        class="book cube"
        tabindex="0"
        title="The Hitch Hiker's Guide to the Galaxy"
      >
        <div
          class="cube front"
        />
        <div
          class="cube back"
        />
        <div
          class="cube right"
        />
        <div
          class="cube left"
        />
        <div
          class="cube top"
          style="background-image: url(undefined);"
        />
        <div
          class="cube bottom"
        />
        <div
          class="cube shadow"
        />
      </div>
    </div>
  </div>
</div>
`;
